// Jest Snapshot v1, https://goo.gl/fbAQLP

exports[`Pruebas de LoginScreen Debe renderizar correctamente el componente 1`] = `
<div
  className="container mt-5"
>
  <h1>
    Login
  </h1>
  <hr />
  <button
    className="btn btn-outline-dark"
    onClick={[Function]}
  >
    Log In
  </button>
</div>
`;
